// Jest Snapshot v1, https://goo.gl/fbAQLP

exports[`<ServerStatus> should match its snapshot 1`] = `
<div
  className="ðŸ“¦bg_1whhwgh ðŸ“¦pb_1rem ðŸ“¦pt_1rem ðŸ“¦dspl_flex ðŸ“¦algn-itms_center ðŸ“¦just-cnt_center ðŸ“¦box-szg_border-box css-nil"
>
  <span
    className="ðŸ“¦color_425A70 ðŸ“¦fnt-fam_b77syt ðŸ“¦fnt-sze_14px ðŸ“¦f-wght_700 ðŸ“¦ln-ht_20px ðŸ“¦ltr-spc_-0-05px ðŸ“¦box-szg_border-box"
  >
    Testing in progress
  </span>
</div>
`;
