// Jest Snapshot v1, https://goo.gl/fbAQLP

exports[`<DebugLogs> should match its snapshot (empty logs) 1`] = `
Array [
  <div
    className="ðŸ“¦bs_17bru36 ðŸ“¦bg_1eozcqw ðŸ“¦pl_0-75rem ðŸ“¦pr_0-75rem ðŸ“¦dspl_flex ðŸ“¦pst_fixed ðŸ“¦w_100prcnt ðŸ“¦top_0px ðŸ“¦box-szg_border-box css-nil"
  >
    <div
      className="ðŸ“¦ml_0-75rem ðŸ“¦mr_0-75rem ðŸ“¦mb_1rem ðŸ“¦mt_1rem ðŸ“¦bg_11ev722 ðŸ“¦box-szg_border-box"
    >
      <div
        className="ðŸ“¦dspl_flex ðŸ“¦mr_-1px ðŸ“¦h_40px ðŸ“¦flx-srnk_1 ðŸ“¦flx-grow_0 ðŸ“¦w_10rem ðŸ“¦box-szg_border-box"
      >
        <div
          className="css-3grw6g css-4b8qak ðŸ“¦btlr_3px ðŸ“¦bblr_3px ðŸ“¦box-szg_border-box"
          data-active={true}
        >
          <input
            checked={true}
            className="css-87b09r"
            id="SegmentedControl-50"
            name="SegmentedControl-5"
            onChange={[Function]}
            type="radio"
            value="live"
          />
          <label
            className="css-17kak1e ðŸ“¦color_425A70 ðŸ“¦fnt-fam_b77syt ðŸ“¦fnt-sze_14px ðŸ“¦f-wght_500 ðŸ“¦ln-ht_20px ðŸ“¦ltr-spc_-0-05px ðŸ“¦crsr_pointer ðŸ“¦box-szg_border-box"
            htmlFor="SegmentedControl-50"
          >
            Live
          </label>
        </div>
        <div
          className="css-3grw6g css-4b8qak ðŸ“¦btrr_3px ðŸ“¦bbrr_3px ðŸ“¦box-szg_border-box"
          data-active={false}
        >
          <input
            checked={false}
            className="css-87b09r"
            id="SegmentedControl-51"
            name="SegmentedControl-5"
            onChange={[Function]}
            type="radio"
            value="pause"
          />
          <label
            className="css-17kak1e ðŸ“¦color_425A70 ðŸ“¦fnt-fam_b77syt ðŸ“¦fnt-sze_14px ðŸ“¦f-wght_500 ðŸ“¦ln-ht_20px ðŸ“¦ltr-spc_-0-05px ðŸ“¦crsr_pointer ðŸ“¦box-szg_border-box"
            htmlFor="SegmentedControl-51"
          >
            Pause
          </label>
        </div>
      </div>
    </div>
    <div
      className="ðŸ“¦ml_0-75rem ðŸ“¦mr_0-75rem ðŸ“¦mb_1rem ðŸ“¦mt_1rem ðŸ“¦w_100prcnt ðŸ“¦box-szg_border-box"
    >
      <div
        className="ðŸ“¦pst_relative ðŸ“¦dspl_inline-flex ðŸ“¦h_40px ðŸ“¦flx-grow_1 ðŸ“¦w_100prcnt ðŸ“¦box-szg_border-box"
      >
        <div
          className="ðŸ“¦h_40px ðŸ“¦w_40px ðŸ“¦ptr-evts_none ðŸ“¦pst_absolute ðŸ“¦dspl_flex ðŸ“¦just-cnt_center ðŸ“¦algn-itms_center ðŸ“¦box-szg_border-box"
        >
          <svg
            className="ðŸ“¦z-idx_3 ðŸ“¦w_16px ðŸ“¦h_16px ðŸ“¦box-szg_border-box"
            data-icon="search"
            style={
              Object {
                "fill": "#66788A",
              }
            }
            viewBox="0 0 16 16"
          >
            <title>
              search
            </title>
            <path
              d="M15.55 13.43l-2.67-2.68a6.94 6.94 0 0 0 1.11-3.76c0-3.87-3.13-7-7-7s-7 3.13-7 7 3.13 7 7 7c1.39 0 2.68-.42 3.76-1.11l2.68 2.67a1.498 1.498 0 1 0 2.12-2.12zm-8.56-1.44c-2.76 0-5-2.24-5-5s2.24-5 5-5 5 2.24 5 5-2.24 5-5 5z"
              fillRule="evenodd"
            />
          </svg>
        </div>
        <input
          aria-invalid={false}
          className="css-5ljhhe ðŸ“¦color_425A70 ðŸ“¦fnt-fam_b77syt ðŸ“¦fnt-sze_14px ðŸ“¦f-wght_400 ðŸ“¦ln-ht_20px ðŸ“¦ltr-spc_-0-05px ðŸ“¦w_100prcnt ðŸ“¦h_40px ðŸ“¦pl_40px ðŸ“¦pr_13px ðŸ“¦bblr_3px ðŸ“¦bbrr_3px ðŸ“¦btlr_3px ðŸ“¦btrr_3px ðŸ“¦box-szg_border-box"
          disabled={false}
          placeholder="Type to search..."
          spellCheck={true}
          type="text"
        />
      </div>
    </div>
  </div>,
  <div
    className="ðŸ“¦mt_19w9unu ðŸ“¦box-szg_border-box"
  >
    <div
      className="ðŸ“¦pb_1rem ðŸ“¦pt_1rem ðŸ“¦dspl_flex ðŸ“¦flx-drct_column ðŸ“¦algn-itms_center ðŸ“¦just-cnt_center ðŸ“¦box-szg_border-box css-nil"
    >
      <svg
        data-file-name="SvgUndraw_barber_3uel"
        height="20rem"
        width="20rem"
      />
      <span
        className="ðŸ“¦color_425A70 ðŸ“¦fnt-fam_b77syt ðŸ“¦fnt-sze_2rem ðŸ“¦f-wght_500 ðŸ“¦ln-ht_2-5rem ðŸ“¦ltr-spc_-0-05px ðŸ“¦mb_12px ðŸ“¦box-szg_border-box"
      >
        Waiting for logs
      </span>
      <span
        className="ðŸ“¦color_425A70 ðŸ“¦fnt-fam_b77syt ðŸ“¦fnt-sze_1-5rem ðŸ“¦f-wght_300 ðŸ“¦ln-ht_1-75rem ðŸ“¦ltr-spc_-0-05px ðŸ“¦box-szg_border-box"
      >
        Kick back and relax
      </span>
    </div>
    <div
      className="ðŸ“¦box-szg_border-box css-nil"
    >
      <div
        className="ðŸ“¦flx_1 ðŸ“¦ovflw-y_scroll ðŸ“¦box-szg_border-box css-nil"
        data-evergreen-table-body={true}
      />
    </div>
  </div>,
]
`;

exports[`<DebugLogs> should match its snapshot (server error) 1`] = `
Array [
  <div
    className="ðŸ“¦bs_17bru36 ðŸ“¦bg_1eozcqw ðŸ“¦pl_0-75rem ðŸ“¦pr_0-75rem ðŸ“¦dspl_flex ðŸ“¦pst_fixed ðŸ“¦w_100prcnt ðŸ“¦top_0px ðŸ“¦box-szg_border-box css-nil"
  >
    <div
      className="ðŸ“¦ml_0-75rem ðŸ“¦mr_0-75rem ðŸ“¦mb_1rem ðŸ“¦mt_1rem ðŸ“¦bg_11ev722 ðŸ“¦box-szg_border-box"
    >
      <div
        className="ðŸ“¦dspl_flex ðŸ“¦mr_-1px ðŸ“¦h_40px ðŸ“¦flx-srnk_1 ðŸ“¦flx-grow_0 ðŸ“¦w_10rem ðŸ“¦box-szg_border-box"
      >
        <div
          className="css-3grw6g css-4b8qak ðŸ“¦btlr_3px ðŸ“¦bblr_3px ðŸ“¦box-szg_border-box"
          data-active={true}
        >
          <input
            checked={true}
            className="css-87b09r"
            id="SegmentedControl-60"
            name="SegmentedControl-6"
            onChange={[Function]}
            type="radio"
            value="live"
          />
          <label
            className="css-17kak1e ðŸ“¦color_425A70 ðŸ“¦fnt-fam_b77syt ðŸ“¦fnt-sze_14px ðŸ“¦f-wght_500 ðŸ“¦ln-ht_20px ðŸ“¦ltr-spc_-0-05px ðŸ“¦crsr_pointer ðŸ“¦box-szg_border-box"
            htmlFor="SegmentedControl-60"
          >
            Live
          </label>
        </div>
        <div
          className="css-3grw6g css-4b8qak ðŸ“¦btrr_3px ðŸ“¦bbrr_3px ðŸ“¦box-szg_border-box"
          data-active={false}
        >
          <input
            checked={false}
            className="css-87b09r"
            id="SegmentedControl-61"
            name="SegmentedControl-6"
            onChange={[Function]}
            type="radio"
            value="pause"
          />
          <label
            className="css-17kak1e ðŸ“¦color_425A70 ðŸ“¦fnt-fam_b77syt ðŸ“¦fnt-sze_14px ðŸ“¦f-wght_500 ðŸ“¦ln-ht_20px ðŸ“¦ltr-spc_-0-05px ðŸ“¦crsr_pointer ðŸ“¦box-szg_border-box"
            htmlFor="SegmentedControl-61"
          >
            Pause
          </label>
        </div>
      </div>
    </div>
    <div
      className="ðŸ“¦ml_0-75rem ðŸ“¦mr_0-75rem ðŸ“¦mb_1rem ðŸ“¦mt_1rem ðŸ“¦w_100prcnt ðŸ“¦box-szg_border-box"
    >
      <div
        className="ðŸ“¦pst_relative ðŸ“¦dspl_inline-flex ðŸ“¦h_40px ðŸ“¦flx-grow_1 ðŸ“¦w_100prcnt ðŸ“¦box-szg_border-box"
      >
        <div
          className="ðŸ“¦h_40px ðŸ“¦w_40px ðŸ“¦ptr-evts_none ðŸ“¦pst_absolute ðŸ“¦dspl_flex ðŸ“¦just-cnt_center ðŸ“¦algn-itms_center ðŸ“¦box-szg_border-box"
        >
          <svg
            className="ðŸ“¦z-idx_3 ðŸ“¦w_16px ðŸ“¦h_16px ðŸ“¦box-szg_border-box"
            data-icon="search"
            style={
              Object {
                "fill": "#66788A",
              }
            }
            viewBox="0 0 16 16"
          >
            <title>
              search
            </title>
            <path
              d="M15.55 13.43l-2.67-2.68a6.94 6.94 0 0 0 1.11-3.76c0-3.87-3.13-7-7-7s-7 3.13-7 7 3.13 7 7 7c1.39 0 2.68-.42 3.76-1.11l2.68 2.67a1.498 1.498 0 1 0 2.12-2.12zm-8.56-1.44c-2.76 0-5-2.24-5-5s2.24-5 5-5 5 2.24 5 5-2.24 5-5 5z"
              fillRule="evenodd"
            />
          </svg>
        </div>
        <input
          aria-invalid={false}
          className="css-5ljhhe ðŸ“¦color_425A70 ðŸ“¦fnt-fam_b77syt ðŸ“¦fnt-sze_14px ðŸ“¦f-wght_400 ðŸ“¦ln-ht_20px ðŸ“¦ltr-spc_-0-05px ðŸ“¦w_100prcnt ðŸ“¦h_40px ðŸ“¦pl_40px ðŸ“¦pr_13px ðŸ“¦bblr_3px ðŸ“¦bbrr_3px ðŸ“¦btlr_3px ðŸ“¦btrr_3px ðŸ“¦box-szg_border-box"
          disabled={false}
          placeholder="Type to search..."
          spellCheck={true}
          type="text"
        />
      </div>
    </div>
  </div>,
  <div
    className="ðŸ“¦mt_19w9unu ðŸ“¦box-szg_border-box"
  >
    <div
      className="ðŸ“¦bg_1whhwgh ðŸ“¦pb_1rem ðŸ“¦pt_1rem ðŸ“¦dspl_flex ðŸ“¦algn-itms_center ðŸ“¦just-cnt_center ðŸ“¦box-szg_border-box css-nil"
    >
      <span
        className="ðŸ“¦color_425A70 ðŸ“¦fnt-fam_b77syt ðŸ“¦fnt-sze_14px ðŸ“¦f-wght_700 ðŸ“¦ln-ht_20px ðŸ“¦ltr-spc_-0-05px ðŸ“¦box-szg_border-box"
      >
        Testing server error
      </span>
    </div>
    <div
      className="ðŸ“¦box-szg_border-box css-nil"
    >
      <div
        className="ðŸ“¦flx_1 ðŸ“¦ovflw-y_scroll ðŸ“¦box-szg_border-box css-nil"
        data-evergreen-table-body={true}
      >
        <div
          className="css-z3ro6d ðŸ“¦b-btm_1px-solid-EDF0F2 ðŸ“¦dspl_flex ðŸ“¦h_48px ðŸ“¦pl_0-75em ðŸ“¦pr_0-75em ðŸ“¦box-szg_border-box css-nil"
          onClick={[Function]}
          onKeyDown={[Function]}
        >
          <div
            className="css-saeo60 ðŸ“¦pl_12px ðŸ“¦pr_12px ðŸ“¦box-szg_border-box ðŸ“¦flx_0 ðŸ“¦dspl_flex ðŸ“¦algn-itms_center ðŸ“¦flx-srnk_0 ðŸ“¦ovflw-x_hidden ðŸ“¦ovflw-y_hidden ðŸ“¦w_40px ðŸ“¦flx-basis_auto ðŸ“¦ml_0-75em ðŸ“¦mr_0-75em css-nil"
            onKeyDown={[Function]}
          >
            <svg
              className="ðŸ“¦w_24px ðŸ“¦h_24px ðŸ“¦box-szg_border-box"
              style={
                Object {
                  "fill": "#1070ca",
                }
              }
              viewBox="0 0 24 24"
            >
              <path
                d="M12 2c5.514 0 10 4.486 10 10s-4.486 10-10 10-10-4.486-10-10 4.486-10 10-10zm0-2c-6.627 0-12 5.373-12 12s5.373 12 12 12 12-5.373 12-12-5.373-12-12-12zm6.25 8.891l-1.421-1.409-6.105 6.218-3.078-2.937-1.396 1.436 4.5 4.319 7.5-7.627z"
              />
            </svg>
          </div>
          <div
            className="css-saeo60 ðŸ“¦pl_12px ðŸ“¦pr_12px ðŸ“¦box-szg_border-box ðŸ“¦flx_0 ðŸ“¦dspl_flex ðŸ“¦algn-itms_center ðŸ“¦flx-srnk_0 ðŸ“¦ovflw-x_hidden ðŸ“¦ovflw-y_hidden ðŸ“¦w_8em ðŸ“¦flx-basis_auto ðŸ“¦txt-trns_uppercase ðŸ“¦f-wght_300 css-nil"
            onKeyDown={[Function]}
            test-id="logType"
          >
            <span
              className="ðŸ“¦color_425A70 ðŸ“¦fnt-fam_b77syt ðŸ“¦fnt-sze_12px ðŸ“¦f-wght_400 ðŸ“¦ln-ht_16px ðŸ“¦ltr-spc_0 ðŸ“¦flx_1 ðŸ“¦ovflw-x_hidden ðŸ“¦ovflw-y_hidden ðŸ“¦txt-ovrf_ellipsis ðŸ“¦wht-spc_nowrap ðŸ“¦box-szg_border-box"
            >
              track
            </span>
          </div>
          <div
            className="css-saeo60 ðŸ“¦pl_12px ðŸ“¦pr_12px ðŸ“¦box-szg_border-box ðŸ“¦flx_1 ðŸ“¦dspl_flex ðŸ“¦algn-itms_center ðŸ“¦flx-srnk_0 ðŸ“¦ovflw-x_hidden ðŸ“¦ovflw-y_hidden css-nil"
            onKeyDown={[Function]}
            test-id="logMessage"
          >
            <span
              className="ðŸ“¦color_425A70 ðŸ“¦fnt-fam_b77syt ðŸ“¦fnt-sze_12px ðŸ“¦f-wght_500 ðŸ“¦ln-ht_16px ðŸ“¦ltr-spc_0 ðŸ“¦flx_1 ðŸ“¦ovflw-x_hidden ðŸ“¦ovflw-y_hidden ðŸ“¦txt-ovrf_ellipsis ðŸ“¦wht-spc_nowrap ðŸ“¦txt-algn_left ðŸ“¦box-szg_border-box"
            >
              Add to Cart
            </span>
          </div>
          <div
            className="css-saeo60 ðŸ“¦pl_12px ðŸ“¦pr_12px ðŸ“¦box-szg_border-box ðŸ“¦flx_0 ðŸ“¦dspl_flex ðŸ“¦algn-itms_center ðŸ“¦flx-srnk_0 ðŸ“¦ovflw-x_hidden ðŸ“¦ovflw-y_hidden ðŸ“¦w_10em ðŸ“¦ml_0-75em ðŸ“¦mr_0-75em ðŸ“¦flx-basis_auto css-nil"
            onKeyDown={[Function]}
            test-id="logDate"
          >
            <span
              className="ðŸ“¦color_425A70 ðŸ“¦fnt-fam_b77syt ðŸ“¦fnt-sze_12px ðŸ“¦f-wght_400 ðŸ“¦ln-ht_16px ðŸ“¦ltr-spc_0 ðŸ“¦flx_1 ðŸ“¦ovflw-x_hidden ðŸ“¦ovflw-y_hidden ðŸ“¦txt-ovrf_ellipsis ðŸ“¦wht-spc_nowrap ðŸ“¦txt-algn_right ðŸ“¦box-szg_border-box"
            >
              2018/12/20 22:32:21
            </span>
          </div>
        </div>
        <div
          className="css-z3ro6d ðŸ“¦b-btm_1px-solid-EDF0F2 ðŸ“¦dspl_flex ðŸ“¦h_48px ðŸ“¦pl_0-75em ðŸ“¦pr_0-75em ðŸ“¦box-szg_border-box css-nil"
          onClick={[Function]}
          onKeyDown={[Function]}
        >
          <div
            className="css-saeo60 ðŸ“¦pl_12px ðŸ“¦pr_12px ðŸ“¦box-szg_border-box ðŸ“¦flx_0 ðŸ“¦dspl_flex ðŸ“¦algn-itms_center ðŸ“¦flx-srnk_0 ðŸ“¦ovflw-x_hidden ðŸ“¦ovflw-y_hidden ðŸ“¦w_40px ðŸ“¦flx-basis_auto ðŸ“¦ml_0-75em ðŸ“¦mr_0-75em css-nil"
            onKeyDown={[Function]}
          >
            <svg
              className="ðŸ“¦w_24px ðŸ“¦h_24px ðŸ“¦box-szg_border-box"
              style={
                Object {
                  "fill": "#1070ca",
                }
              }
              viewBox="0 0 24 24"
            >
              <path
                d="M12 2c5.514 0 10 4.486 10 10s-4.486 10-10 10-10-4.486-10-10 4.486-10 10-10zm0-2c-6.627 0-12 5.373-12 12s5.373 12 12 12 12-5.373 12-12-5.373-12-12-12zm6.25 8.891l-1.421-1.409-6.105 6.218-3.078-2.937-1.396 1.436 4.5 4.319 7.5-7.627z"
              />
            </svg>
          </div>
          <div
            className="css-saeo60 ðŸ“¦pl_12px ðŸ“¦pr_12px ðŸ“¦box-szg_border-box ðŸ“¦flx_0 ðŸ“¦dspl_flex ðŸ“¦algn-itms_center ðŸ“¦flx-srnk_0 ðŸ“¦ovflw-x_hidden ðŸ“¦ovflw-y_hidden ðŸ“¦w_8em ðŸ“¦flx-basis_auto ðŸ“¦txt-trns_uppercase ðŸ“¦f-wght_300 css-nil"
            onKeyDown={[Function]}
            test-id="logType"
          >
            <span
              className="ðŸ“¦color_425A70 ðŸ“¦fnt-fam_b77syt ðŸ“¦fnt-sze_12px ðŸ“¦f-wght_400 ðŸ“¦ln-ht_16px ðŸ“¦ltr-spc_0 ðŸ“¦flx_1 ðŸ“¦ovflw-x_hidden ðŸ“¦ovflw-y_hidden ðŸ“¦txt-ovrf_ellipsis ðŸ“¦wht-spc_nowrap ðŸ“¦box-szg_border-box"
            >
              identify
            </span>
          </div>
          <div
            className="css-saeo60 ðŸ“¦pl_12px ðŸ“¦pr_12px ðŸ“¦box-szg_border-box ðŸ“¦flx_1 ðŸ“¦dspl_flex ðŸ“¦algn-itms_center ðŸ“¦flx-srnk_0 ðŸ“¦ovflw-x_hidden ðŸ“¦ovflw-y_hidden css-nil"
            onKeyDown={[Function]}
            test-id="logMessage"
          >
            <span
              className="ðŸ“¦color_425A70 ðŸ“¦fnt-fam_b77syt ðŸ“¦fnt-sze_12px ðŸ“¦f-wght_500 ðŸ“¦ln-ht_16px ðŸ“¦ltr-spc_0 ðŸ“¦flx_1 ðŸ“¦ovflw-x_hidden ðŸ“¦ovflw-y_hidden ðŸ“¦txt-ovrf_ellipsis ðŸ“¦wht-spc_nowrap ðŸ“¦txt-algn_left ðŸ“¦box-szg_border-box"
            >
              002
            </span>
          </div>
          <div
            className="css-saeo60 ðŸ“¦pl_12px ðŸ“¦pr_12px ðŸ“¦box-szg_border-box ðŸ“¦flx_0 ðŸ“¦dspl_flex ðŸ“¦algn-itms_center ðŸ“¦flx-srnk_0 ðŸ“¦ovflw-x_hidden ðŸ“¦ovflw-y_hidden ðŸ“¦w_10em ðŸ“¦ml_0-75em ðŸ“¦mr_0-75em ðŸ“¦flx-basis_auto css-nil"
            onKeyDown={[Function]}
            test-id="logDate"
          >
            <span
              className="ðŸ“¦color_425A70 ðŸ“¦fnt-fam_b77syt ðŸ“¦fnt-sze_12px ðŸ“¦f-wght_400 ðŸ“¦ln-ht_16px ðŸ“¦ltr-spc_0 ðŸ“¦flx_1 ðŸ“¦ovflw-x_hidden ðŸ“¦ovflw-y_hidden ðŸ“¦txt-ovrf_ellipsis ðŸ“¦wht-spc_nowrap ðŸ“¦txt-algn_right ðŸ“¦box-szg_border-box"
            >
              2018/12/20 22:32:41
            </span>
          </div>
        </div>
        <div
          className="css-z3ro6d ðŸ“¦b-btm_1px-solid-EDF0F2 ðŸ“¦dspl_flex ðŸ“¦h_48px ðŸ“¦pl_0-75em ðŸ“¦pr_0-75em ðŸ“¦box-szg_border-box css-nil"
          onClick={[Function]}
          onKeyDown={[Function]}
        >
          <div
            className="css-saeo60 ðŸ“¦pl_12px ðŸ“¦pr_12px ðŸ“¦box-szg_border-box ðŸ“¦flx_0 ðŸ“¦dspl_flex ðŸ“¦algn-itms_center ðŸ“¦flx-srnk_0 ðŸ“¦ovflw-x_hidden ðŸ“¦ovflw-y_hidden ðŸ“¦w_40px ðŸ“¦flx-basis_auto ðŸ“¦ml_0-75em ðŸ“¦mr_0-75em css-nil"
            onKeyDown={[Function]}
          >
            <svg
              className="ðŸ“¦w_24px ðŸ“¦h_24px ðŸ“¦box-szg_border-box"
              style={
                Object {
                  "fill": "#1070ca",
                }
              }
              viewBox="0 0 24 24"
            >
              <path
                d="M12 2c5.514 0 10 4.486 10 10s-4.486 10-10 10-10-4.486-10-10 4.486-10 10-10zm0-2c-6.627 0-12 5.373-12 12s5.373 12 12 12 12-5.373 12-12-5.373-12-12-12zm6.25 8.891l-1.421-1.409-6.105 6.218-3.078-2.937-1.396 1.436 4.5 4.319 7.5-7.627z"
              />
            </svg>
          </div>
          <div
            className="css-saeo60 ðŸ“¦pl_12px ðŸ“¦pr_12px ðŸ“¦box-szg_border-box ðŸ“¦flx_0 ðŸ“¦dspl_flex ðŸ“¦algn-itms_center ðŸ“¦flx-srnk_0 ðŸ“¦ovflw-x_hidden ðŸ“¦ovflw-y_hidden ðŸ“¦w_8em ðŸ“¦flx-basis_auto ðŸ“¦txt-trns_uppercase ðŸ“¦f-wght_300 css-nil"
            onKeyDown={[Function]}
            test-id="logType"
          >
            <span
              className="ðŸ“¦color_425A70 ðŸ“¦fnt-fam_b77syt ðŸ“¦fnt-sze_12px ðŸ“¦f-wght_400 ðŸ“¦ln-ht_16px ðŸ“¦ltr-spc_0 ðŸ“¦flx_1 ðŸ“¦ovflw-x_hidden ðŸ“¦ovflw-y_hidden ðŸ“¦txt-ovrf_ellipsis ðŸ“¦wht-spc_nowrap ðŸ“¦box-szg_border-box"
            >
              track
            </span>
          </div>
          <div
            className="css-saeo60 ðŸ“¦pl_12px ðŸ“¦pr_12px ðŸ“¦box-szg_border-box ðŸ“¦flx_1 ðŸ“¦dspl_flex ðŸ“¦algn-itms_center ðŸ“¦flx-srnk_0 ðŸ“¦ovflw-x_hidden ðŸ“¦ovflw-y_hidden css-nil"
            onKeyDown={[Function]}
            test-id="logMessage"
          >
            <span
              className="ðŸ“¦color_425A70 ðŸ“¦fnt-fam_b77syt ðŸ“¦fnt-sze_12px ðŸ“¦f-wght_500 ðŸ“¦ln-ht_16px ðŸ“¦ltr-spc_0 ðŸ“¦flx_1 ðŸ“¦ovflw-x_hidden ðŸ“¦ovflw-y_hidden ðŸ“¦txt-ovrf_ellipsis ðŸ“¦wht-spc_nowrap ðŸ“¦txt-algn_left ðŸ“¦box-szg_border-box"
            >
              Subscribe to Newsletter
            </span>
          </div>
          <div
            className="css-saeo60 ðŸ“¦pl_12px ðŸ“¦pr_12px ðŸ“¦box-szg_border-box ðŸ“¦flx_0 ðŸ“¦dspl_flex ðŸ“¦algn-itms_center ðŸ“¦flx-srnk_0 ðŸ“¦ovflw-x_hidden ðŸ“¦ovflw-y_hidden ðŸ“¦w_10em ðŸ“¦ml_0-75em ðŸ“¦mr_0-75em ðŸ“¦flx-basis_auto css-nil"
            onKeyDown={[Function]}
            test-id="logDate"
          >
            <span
              className="ðŸ“¦color_425A70 ðŸ“¦fnt-fam_b77syt ðŸ“¦fnt-sze_12px ðŸ“¦f-wght_400 ðŸ“¦ln-ht_16px ðŸ“¦ltr-spc_0 ðŸ“¦flx_1 ðŸ“¦ovflw-x_hidden ðŸ“¦ovflw-y_hidden ðŸ“¦txt-ovrf_ellipsis ðŸ“¦wht-spc_nowrap ðŸ“¦txt-algn_right ðŸ“¦box-szg_border-box"
            >
              2018/12/20 22:34:01
            </span>
          </div>
        </div>
        <div
          className="css-z3ro6d ðŸ“¦b-btm_1px-solid-EDF0F2 ðŸ“¦dspl_flex ðŸ“¦h_48px ðŸ“¦pl_0-75em ðŸ“¦pr_0-75em ðŸ“¦box-szg_border-box css-nil"
          onClick={[Function]}
          onKeyDown={[Function]}
        >
          <div
            className="css-saeo60 ðŸ“¦pl_12px ðŸ“¦pr_12px ðŸ“¦box-szg_border-box ðŸ“¦flx_0 ðŸ“¦dspl_flex ðŸ“¦algn-itms_center ðŸ“¦flx-srnk_0 ðŸ“¦ovflw-x_hidden ðŸ“¦ovflw-y_hidden ðŸ“¦w_40px ðŸ“¦flx-basis_auto ðŸ“¦ml_0-75em ðŸ“¦mr_0-75em css-nil"
            onKeyDown={[Function]}
          >
            <svg
              className="ðŸ“¦w_24px ðŸ“¦h_24px ðŸ“¦box-szg_border-box"
              style={
                Object {
                  "fill": "#1070ca",
                }
              }
              viewBox="0 0 24 24"
            >
              <path
                d="M12 2c5.514 0 10 4.486 10 10s-4.486 10-10 10-10-4.486-10-10 4.486-10 10-10zm0-2c-6.627 0-12 5.373-12 12s5.373 12 12 12 12-5.373 12-12-5.373-12-12-12zm6.25 8.891l-1.421-1.409-6.105 6.218-3.078-2.937-1.396 1.436 4.5 4.319 7.5-7.627z"
              />
            </svg>
          </div>
          <div
            className="css-saeo60 ðŸ“¦pl_12px ðŸ“¦pr_12px ðŸ“¦box-szg_border-box ðŸ“¦flx_0 ðŸ“¦dspl_flex ðŸ“¦algn-itms_center ðŸ“¦flx-srnk_0 ðŸ“¦ovflw-x_hidden ðŸ“¦ovflw-y_hidden ðŸ“¦w_8em ðŸ“¦flx-basis_auto ðŸ“¦txt-trns_uppercase ðŸ“¦f-wght_300 css-nil"
            onKeyDown={[Function]}
            test-id="logType"
          >
            <span
              className="ðŸ“¦color_425A70 ðŸ“¦fnt-fam_b77syt ðŸ“¦fnt-sze_12px ðŸ“¦f-wght_400 ðŸ“¦ln-ht_16px ðŸ“¦ltr-spc_0 ðŸ“¦flx_1 ðŸ“¦ovflw-x_hidden ðŸ“¦ovflw-y_hidden ðŸ“¦txt-ovrf_ellipsis ðŸ“¦wht-spc_nowrap ðŸ“¦box-szg_border-box"
            >
              page
            </span>
          </div>
          <div
            className="css-saeo60 ðŸ“¦pl_12px ðŸ“¦pr_12px ðŸ“¦box-szg_border-box ðŸ“¦flx_1 ðŸ“¦dspl_flex ðŸ“¦algn-itms_center ðŸ“¦flx-srnk_0 ðŸ“¦ovflw-x_hidden ðŸ“¦ovflw-y_hidden css-nil"
            onKeyDown={[Function]}
            test-id="logMessage"
          >
            <span
              className="ðŸ“¦color_425A70 ðŸ“¦fnt-fam_b77syt ðŸ“¦fnt-sze_12px ðŸ“¦f-wght_500 ðŸ“¦ln-ht_16px ðŸ“¦ltr-spc_0 ðŸ“¦flx_1 ðŸ“¦ovflw-x_hidden ðŸ“¦ovflw-y_hidden ðŸ“¦txt-ovrf_ellipsis ðŸ“¦wht-spc_nowrap ðŸ“¦txt-algn_left ðŸ“¦box-szg_border-box"
            >
              004
            </span>
          </div>
          <div
            className="css-saeo60 ðŸ“¦pl_12px ðŸ“¦pr_12px ðŸ“¦box-szg_border-box ðŸ“¦flx_0 ðŸ“¦dspl_flex ðŸ“¦algn-itms_center ðŸ“¦flx-srnk_0 ðŸ“¦ovflw-x_hidden ðŸ“¦ovflw-y_hidden ðŸ“¦w_10em ðŸ“¦ml_0-75em ðŸ“¦mr_0-75em ðŸ“¦flx-basis_auto css-nil"
            onKeyDown={[Function]}
            test-id="logDate"
          >
            <span
              className="ðŸ“¦color_425A70 ðŸ“¦fnt-fam_b77syt ðŸ“¦fnt-sze_12px ðŸ“¦f-wght_400 ðŸ“¦ln-ht_16px ðŸ“¦ltr-spc_0 ðŸ“¦flx_1 ðŸ“¦ovflw-x_hidden ðŸ“¦ovflw-y_hidden ðŸ“¦txt-ovrf_ellipsis ðŸ“¦wht-spc_nowrap ðŸ“¦txt-algn_right ðŸ“¦box-szg_border-box"
            >
              2018/12/20 22:49:01
            </span>
          </div>
        </div>
      </div>
    </div>
  </div>,
]
`;

exports[`<DebugLogs> should match its snapshot 1`] = `
Array [
  <div
    className="ðŸ“¦bs_17bru36 ðŸ“¦bg_1eozcqw ðŸ“¦pl_0-75rem ðŸ“¦pr_0-75rem ðŸ“¦dspl_flex ðŸ“¦pst_fixed ðŸ“¦w_100prcnt ðŸ“¦top_0px ðŸ“¦box-szg_border-box css-nil"
  >
    <div
      className="ðŸ“¦ml_0-75rem ðŸ“¦mr_0-75rem ðŸ“¦mb_1rem ðŸ“¦mt_1rem ðŸ“¦bg_11ev722 ðŸ“¦box-szg_border-box"
    >
      <div
        className="ðŸ“¦dspl_flex ðŸ“¦mr_-1px ðŸ“¦h_40px ðŸ“¦flx-srnk_1 ðŸ“¦flx-grow_0 ðŸ“¦w_10rem ðŸ“¦box-szg_border-box"
      >
        <div
          className="css-3grw6g css-4b8qak ðŸ“¦btlr_3px ðŸ“¦bblr_3px ðŸ“¦box-szg_border-box"
          data-active={true}
        >
          <input
            checked={true}
            className="css-87b09r"
            id="SegmentedControl-40"
            name="SegmentedControl-4"
            onChange={[Function]}
            type="radio"
            value="live"
          />
          <label
            className="css-17kak1e ðŸ“¦color_425A70 ðŸ“¦fnt-fam_b77syt ðŸ“¦fnt-sze_14px ðŸ“¦f-wght_500 ðŸ“¦ln-ht_20px ðŸ“¦ltr-spc_-0-05px ðŸ“¦crsr_pointer ðŸ“¦box-szg_border-box"
            htmlFor="SegmentedControl-40"
          >
            Live
          </label>
        </div>
        <div
          className="css-3grw6g css-4b8qak ðŸ“¦btrr_3px ðŸ“¦bbrr_3px ðŸ“¦box-szg_border-box"
          data-active={false}
        >
          <input
            checked={false}
            className="css-87b09r"
            id="SegmentedControl-41"
            name="SegmentedControl-4"
            onChange={[Function]}
            type="radio"
            value="pause"
          />
          <label
            className="css-17kak1e ðŸ“¦color_425A70 ðŸ“¦fnt-fam_b77syt ðŸ“¦fnt-sze_14px ðŸ“¦f-wght_500 ðŸ“¦ln-ht_20px ðŸ“¦ltr-spc_-0-05px ðŸ“¦crsr_pointer ðŸ“¦box-szg_border-box"
            htmlFor="SegmentedControl-41"
          >
            Pause
          </label>
        </div>
      </div>
    </div>
    <div
      className="ðŸ“¦ml_0-75rem ðŸ“¦mr_0-75rem ðŸ“¦mb_1rem ðŸ“¦mt_1rem ðŸ“¦w_100prcnt ðŸ“¦box-szg_border-box"
    >
      <div
        className="ðŸ“¦pst_relative ðŸ“¦dspl_inline-flex ðŸ“¦h_40px ðŸ“¦flx-grow_1 ðŸ“¦w_100prcnt ðŸ“¦box-szg_border-box"
      >
        <div
          className="ðŸ“¦h_40px ðŸ“¦w_40px ðŸ“¦ptr-evts_none ðŸ“¦pst_absolute ðŸ“¦dspl_flex ðŸ“¦just-cnt_center ðŸ“¦algn-itms_center ðŸ“¦box-szg_border-box"
        >
          <svg
            className="ðŸ“¦z-idx_3 ðŸ“¦w_16px ðŸ“¦h_16px ðŸ“¦box-szg_border-box"
            data-icon="search"
            style={
              Object {
                "fill": "#66788A",
              }
            }
            viewBox="0 0 16 16"
          >
            <title>
              search
            </title>
            <path
              d="M15.55 13.43l-2.67-2.68a6.94 6.94 0 0 0 1.11-3.76c0-3.87-3.13-7-7-7s-7 3.13-7 7 3.13 7 7 7c1.39 0 2.68-.42 3.76-1.11l2.68 2.67a1.498 1.498 0 1 0 2.12-2.12zm-8.56-1.44c-2.76 0-5-2.24-5-5s2.24-5 5-5 5 2.24 5 5-2.24 5-5 5z"
              fillRule="evenodd"
            />
          </svg>
        </div>
        <input
          aria-invalid={false}
          className="css-5ljhhe ðŸ“¦color_425A70 ðŸ“¦fnt-fam_b77syt ðŸ“¦fnt-sze_14px ðŸ“¦f-wght_400 ðŸ“¦ln-ht_20px ðŸ“¦ltr-spc_-0-05px ðŸ“¦w_100prcnt ðŸ“¦h_40px ðŸ“¦pl_40px ðŸ“¦pr_13px ðŸ“¦bblr_3px ðŸ“¦bbrr_3px ðŸ“¦btlr_3px ðŸ“¦btrr_3px ðŸ“¦box-szg_border-box"
          disabled={false}
          placeholder="Type to search..."
          spellCheck={true}
          type="text"
        />
      </div>
    </div>
  </div>,
  <div
    className="ðŸ“¦mt_19w9unu ðŸ“¦box-szg_border-box"
  >
    <div
      className="ðŸ“¦box-szg_border-box css-nil"
    >
      <div
        className="ðŸ“¦flx_1 ðŸ“¦ovflw-y_scroll ðŸ“¦box-szg_border-box css-nil"
        data-evergreen-table-body={true}
      >
        <div
          className="css-z3ro6d ðŸ“¦b-btm_1px-solid-EDF0F2 ðŸ“¦dspl_flex ðŸ“¦h_48px ðŸ“¦pl_0-75em ðŸ“¦pr_0-75em ðŸ“¦box-szg_border-box css-nil"
          onClick={[Function]}
          onKeyDown={[Function]}
        >
          <div
            className="css-saeo60 ðŸ“¦pl_12px ðŸ“¦pr_12px ðŸ“¦box-szg_border-box ðŸ“¦flx_0 ðŸ“¦dspl_flex ðŸ“¦algn-itms_center ðŸ“¦flx-srnk_0 ðŸ“¦ovflw-x_hidden ðŸ“¦ovflw-y_hidden ðŸ“¦w_40px ðŸ“¦flx-basis_auto ðŸ“¦ml_0-75em ðŸ“¦mr_0-75em css-nil"
            onKeyDown={[Function]}
          >
            <svg
              className="ðŸ“¦w_24px ðŸ“¦h_24px ðŸ“¦box-szg_border-box"
              style={
                Object {
                  "fill": "#1070ca",
                }
              }
              viewBox="0 0 24 24"
            >
              <path
                d="M12 2c5.514 0 10 4.486 10 10s-4.486 10-10 10-10-4.486-10-10 4.486-10 10-10zm0-2c-6.627 0-12 5.373-12 12s5.373 12 12 12 12-5.373 12-12-5.373-12-12-12zm6.25 8.891l-1.421-1.409-6.105 6.218-3.078-2.937-1.396 1.436 4.5 4.319 7.5-7.627z"
              />
            </svg>
          </div>
          <div
            className="css-saeo60 ðŸ“¦pl_12px ðŸ“¦pr_12px ðŸ“¦box-szg_border-box ðŸ“¦flx_0 ðŸ“¦dspl_flex ðŸ“¦algn-itms_center ðŸ“¦flx-srnk_0 ðŸ“¦ovflw-x_hidden ðŸ“¦ovflw-y_hidden ðŸ“¦w_8em ðŸ“¦flx-basis_auto ðŸ“¦txt-trns_uppercase ðŸ“¦f-wght_300 css-nil"
            onKeyDown={[Function]}
            test-id="logType"
          >
            <span
              className="ðŸ“¦color_425A70 ðŸ“¦fnt-fam_b77syt ðŸ“¦fnt-sze_12px ðŸ“¦f-wght_400 ðŸ“¦ln-ht_16px ðŸ“¦ltr-spc_0 ðŸ“¦flx_1 ðŸ“¦ovflw-x_hidden ðŸ“¦ovflw-y_hidden ðŸ“¦txt-ovrf_ellipsis ðŸ“¦wht-spc_nowrap ðŸ“¦box-szg_border-box"
            >
              track
            </span>
          </div>
          <div
            className="css-saeo60 ðŸ“¦pl_12px ðŸ“¦pr_12px ðŸ“¦box-szg_border-box ðŸ“¦flx_1 ðŸ“¦dspl_flex ðŸ“¦algn-itms_center ðŸ“¦flx-srnk_0 ðŸ“¦ovflw-x_hidden ðŸ“¦ovflw-y_hidden css-nil"
            onKeyDown={[Function]}
            test-id="logMessage"
          >
            <span
              className="ðŸ“¦color_425A70 ðŸ“¦fnt-fam_b77syt ðŸ“¦fnt-sze_12px ðŸ“¦f-wght_500 ðŸ“¦ln-ht_16px ðŸ“¦ltr-spc_0 ðŸ“¦flx_1 ðŸ“¦ovflw-x_hidden ðŸ“¦ovflw-y_hidden ðŸ“¦txt-ovrf_ellipsis ðŸ“¦wht-spc_nowrap ðŸ“¦txt-algn_left ðŸ“¦box-szg_border-box"
            >
              Add to Cart
            </span>
          </div>
          <div
            className="css-saeo60 ðŸ“¦pl_12px ðŸ“¦pr_12px ðŸ“¦box-szg_border-box ðŸ“¦flx_0 ðŸ“¦dspl_flex ðŸ“¦algn-itms_center ðŸ“¦flx-srnk_0 ðŸ“¦ovflw-x_hidden ðŸ“¦ovflw-y_hidden ðŸ“¦w_10em ðŸ“¦ml_0-75em ðŸ“¦mr_0-75em ðŸ“¦flx-basis_auto css-nil"
            onKeyDown={[Function]}
            test-id="logDate"
          >
            <span
              className="ðŸ“¦color_425A70 ðŸ“¦fnt-fam_b77syt ðŸ“¦fnt-sze_12px ðŸ“¦f-wght_400 ðŸ“¦ln-ht_16px ðŸ“¦ltr-spc_0 ðŸ“¦flx_1 ðŸ“¦ovflw-x_hidden ðŸ“¦ovflw-y_hidden ðŸ“¦txt-ovrf_ellipsis ðŸ“¦wht-spc_nowrap ðŸ“¦txt-algn_right ðŸ“¦box-szg_border-box"
            >
              2018/12/20 22:32:21
            </span>
          </div>
        </div>
        <div
          className="css-z3ro6d ðŸ“¦b-btm_1px-solid-EDF0F2 ðŸ“¦dspl_flex ðŸ“¦h_48px ðŸ“¦pl_0-75em ðŸ“¦pr_0-75em ðŸ“¦box-szg_border-box css-nil"
          onClick={[Function]}
          onKeyDown={[Function]}
        >
          <div
            className="css-saeo60 ðŸ“¦pl_12px ðŸ“¦pr_12px ðŸ“¦box-szg_border-box ðŸ“¦flx_0 ðŸ“¦dspl_flex ðŸ“¦algn-itms_center ðŸ“¦flx-srnk_0 ðŸ“¦ovflw-x_hidden ðŸ“¦ovflw-y_hidden ðŸ“¦w_40px ðŸ“¦flx-basis_auto ðŸ“¦ml_0-75em ðŸ“¦mr_0-75em css-nil"
            onKeyDown={[Function]}
          >
            <svg
              className="ðŸ“¦w_24px ðŸ“¦h_24px ðŸ“¦box-szg_border-box"
              style={
                Object {
                  "fill": "#1070ca",
                }
              }
              viewBox="0 0 24 24"
            >
              <path
                d="M12 2c5.514 0 10 4.486 10 10s-4.486 10-10 10-10-4.486-10-10 4.486-10 10-10zm0-2c-6.627 0-12 5.373-12 12s5.373 12 12 12 12-5.373 12-12-5.373-12-12-12zm6.25 8.891l-1.421-1.409-6.105 6.218-3.078-2.937-1.396 1.436 4.5 4.319 7.5-7.627z"
              />
            </svg>
          </div>
          <div
            className="css-saeo60 ðŸ“¦pl_12px ðŸ“¦pr_12px ðŸ“¦box-szg_border-box ðŸ“¦flx_0 ðŸ“¦dspl_flex ðŸ“¦algn-itms_center ðŸ“¦flx-srnk_0 ðŸ“¦ovflw-x_hidden ðŸ“¦ovflw-y_hidden ðŸ“¦w_8em ðŸ“¦flx-basis_auto ðŸ“¦txt-trns_uppercase ðŸ“¦f-wght_300 css-nil"
            onKeyDown={[Function]}
            test-id="logType"
          >
            <span
              className="ðŸ“¦color_425A70 ðŸ“¦fnt-fam_b77syt ðŸ“¦fnt-sze_12px ðŸ“¦f-wght_400 ðŸ“¦ln-ht_16px ðŸ“¦ltr-spc_0 ðŸ“¦flx_1 ðŸ“¦ovflw-x_hidden ðŸ“¦ovflw-y_hidden ðŸ“¦txt-ovrf_ellipsis ðŸ“¦wht-spc_nowrap ðŸ“¦box-szg_border-box"
            >
              identify
            </span>
          </div>
          <div
            className="css-saeo60 ðŸ“¦pl_12px ðŸ“¦pr_12px ðŸ“¦box-szg_border-box ðŸ“¦flx_1 ðŸ“¦dspl_flex ðŸ“¦algn-itms_center ðŸ“¦flx-srnk_0 ðŸ“¦ovflw-x_hidden ðŸ“¦ovflw-y_hidden css-nil"
            onKeyDown={[Function]}
            test-id="logMessage"
          >
            <span
              className="ðŸ“¦color_425A70 ðŸ“¦fnt-fam_b77syt ðŸ“¦fnt-sze_12px ðŸ“¦f-wght_500 ðŸ“¦ln-ht_16px ðŸ“¦ltr-spc_0 ðŸ“¦flx_1 ðŸ“¦ovflw-x_hidden ðŸ“¦ovflw-y_hidden ðŸ“¦txt-ovrf_ellipsis ðŸ“¦wht-spc_nowrap ðŸ“¦txt-algn_left ðŸ“¦box-szg_border-box"
            >
              002
            </span>
          </div>
          <div
            className="css-saeo60 ðŸ“¦pl_12px ðŸ“¦pr_12px ðŸ“¦box-szg_border-box ðŸ“¦flx_0 ðŸ“¦dspl_flex ðŸ“¦algn-itms_center ðŸ“¦flx-srnk_0 ðŸ“¦ovflw-x_hidden ðŸ“¦ovflw-y_hidden ðŸ“¦w_10em ðŸ“¦ml_0-75em ðŸ“¦mr_0-75em ðŸ“¦flx-basis_auto css-nil"
            onKeyDown={[Function]}
            test-id="logDate"
          >
            <span
              className="ðŸ“¦color_425A70 ðŸ“¦fnt-fam_b77syt ðŸ“¦fnt-sze_12px ðŸ“¦f-wght_400 ðŸ“¦ln-ht_16px ðŸ“¦ltr-spc_0 ðŸ“¦flx_1 ðŸ“¦ovflw-x_hidden ðŸ“¦ovflw-y_hidden ðŸ“¦txt-ovrf_ellipsis ðŸ“¦wht-spc_nowrap ðŸ“¦txt-algn_right ðŸ“¦box-szg_border-box"
            >
              2018/12/20 22:32:41
            </span>
          </div>
        </div>
        <div
          className="css-z3ro6d ðŸ“¦b-btm_1px-solid-EDF0F2 ðŸ“¦dspl_flex ðŸ“¦h_48px ðŸ“¦pl_0-75em ðŸ“¦pr_0-75em ðŸ“¦box-szg_border-box css-nil"
          onClick={[Function]}
          onKeyDown={[Function]}
        >
          <div
            className="css-saeo60 ðŸ“¦pl_12px ðŸ“¦pr_12px ðŸ“¦box-szg_border-box ðŸ“¦flx_0 ðŸ“¦dspl_flex ðŸ“¦algn-itms_center ðŸ“¦flx-srnk_0 ðŸ“¦ovflw-x_hidden ðŸ“¦ovflw-y_hidden ðŸ“¦w_40px ðŸ“¦flx-basis_auto ðŸ“¦ml_0-75em ðŸ“¦mr_0-75em css-nil"
            onKeyDown={[Function]}
          >
            <svg
              className="ðŸ“¦w_24px ðŸ“¦h_24px ðŸ“¦box-szg_border-box"
              style={
                Object {
                  "fill": "#1070ca",
                }
              }
              viewBox="0 0 24 24"
            >
              <path
                d="M12 2c5.514 0 10 4.486 10 10s-4.486 10-10 10-10-4.486-10-10 4.486-10 10-10zm0-2c-6.627 0-12 5.373-12 12s5.373 12 12 12 12-5.373 12-12-5.373-12-12-12zm6.25 8.891l-1.421-1.409-6.105 6.218-3.078-2.937-1.396 1.436 4.5 4.319 7.5-7.627z"
              />
            </svg>
          </div>
          <div
            className="css-saeo60 ðŸ“¦pl_12px ðŸ“¦pr_12px ðŸ“¦box-szg_border-box ðŸ“¦flx_0 ðŸ“¦dspl_flex ðŸ“¦algn-itms_center ðŸ“¦flx-srnk_0 ðŸ“¦ovflw-x_hidden ðŸ“¦ovflw-y_hidden ðŸ“¦w_8em ðŸ“¦flx-basis_auto ðŸ“¦txt-trns_uppercase ðŸ“¦f-wght_300 css-nil"
            onKeyDown={[Function]}
            test-id="logType"
          >
            <span
              className="ðŸ“¦color_425A70 ðŸ“¦fnt-fam_b77syt ðŸ“¦fnt-sze_12px ðŸ“¦f-wght_400 ðŸ“¦ln-ht_16px ðŸ“¦ltr-spc_0 ðŸ“¦flx_1 ðŸ“¦ovflw-x_hidden ðŸ“¦ovflw-y_hidden ðŸ“¦txt-ovrf_ellipsis ðŸ“¦wht-spc_nowrap ðŸ“¦box-szg_border-box"
            >
              track
            </span>
          </div>
          <div
            className="css-saeo60 ðŸ“¦pl_12px ðŸ“¦pr_12px ðŸ“¦box-szg_border-box ðŸ“¦flx_1 ðŸ“¦dspl_flex ðŸ“¦algn-itms_center ðŸ“¦flx-srnk_0 ðŸ“¦ovflw-x_hidden ðŸ“¦ovflw-y_hidden css-nil"
            onKeyDown={[Function]}
            test-id="logMessage"
          >
            <span
              className="ðŸ“¦color_425A70 ðŸ“¦fnt-fam_b77syt ðŸ“¦fnt-sze_12px ðŸ“¦f-wght_500 ðŸ“¦ln-ht_16px ðŸ“¦ltr-spc_0 ðŸ“¦flx_1 ðŸ“¦ovflw-x_hidden ðŸ“¦ovflw-y_hidden ðŸ“¦txt-ovrf_ellipsis ðŸ“¦wht-spc_nowrap ðŸ“¦txt-algn_left ðŸ“¦box-szg_border-box"
            >
              Subscribe to Newsletter
            </span>
          </div>
          <div
            className="css-saeo60 ðŸ“¦pl_12px ðŸ“¦pr_12px ðŸ“¦box-szg_border-box ðŸ“¦flx_0 ðŸ“¦dspl_flex ðŸ“¦algn-itms_center ðŸ“¦flx-srnk_0 ðŸ“¦ovflw-x_hidden ðŸ“¦ovflw-y_hidden ðŸ“¦w_10em ðŸ“¦ml_0-75em ðŸ“¦mr_0-75em ðŸ“¦flx-basis_auto css-nil"
            onKeyDown={[Function]}
            test-id="logDate"
          >
            <span
              className="ðŸ“¦color_425A70 ðŸ“¦fnt-fam_b77syt ðŸ“¦fnt-sze_12px ðŸ“¦f-wght_400 ðŸ“¦ln-ht_16px ðŸ“¦ltr-spc_0 ðŸ“¦flx_1 ðŸ“¦ovflw-x_hidden ðŸ“¦ovflw-y_hidden ðŸ“¦txt-ovrf_ellipsis ðŸ“¦wht-spc_nowrap ðŸ“¦txt-algn_right ðŸ“¦box-szg_border-box"
            >
              2018/12/20 22:34:01
            </span>
          </div>
        </div>
        <div
          className="css-z3ro6d ðŸ“¦b-btm_1px-solid-EDF0F2 ðŸ“¦dspl_flex ðŸ“¦h_48px ðŸ“¦pl_0-75em ðŸ“¦pr_0-75em ðŸ“¦box-szg_border-box css-nil"
          onClick={[Function]}
          onKeyDown={[Function]}
        >
          <div
            className="css-saeo60 ðŸ“¦pl_12px ðŸ“¦pr_12px ðŸ“¦box-szg_border-box ðŸ“¦flx_0 ðŸ“¦dspl_flex ðŸ“¦algn-itms_center ðŸ“¦flx-srnk_0 ðŸ“¦ovflw-x_hidden ðŸ“¦ovflw-y_hidden ðŸ“¦w_40px ðŸ“¦flx-basis_auto ðŸ“¦ml_0-75em ðŸ“¦mr_0-75em css-nil"
            onKeyDown={[Function]}
          >
            <svg
              className="ðŸ“¦w_24px ðŸ“¦h_24px ðŸ“¦box-szg_border-box"
              style={
                Object {
                  "fill": "#1070ca",
                }
              }
              viewBox="0 0 24 24"
            >
              <path
                d="M12 2c5.514 0 10 4.486 10 10s-4.486 10-10 10-10-4.486-10-10 4.486-10 10-10zm0-2c-6.627 0-12 5.373-12 12s5.373 12 12 12 12-5.373 12-12-5.373-12-12-12zm6.25 8.891l-1.421-1.409-6.105 6.218-3.078-2.937-1.396 1.436 4.5 4.319 7.5-7.627z"
              />
            </svg>
          </div>
          <div
            className="css-saeo60 ðŸ“¦pl_12px ðŸ“¦pr_12px ðŸ“¦box-szg_border-box ðŸ“¦flx_0 ðŸ“¦dspl_flex ðŸ“¦algn-itms_center ðŸ“¦flx-srnk_0 ðŸ“¦ovflw-x_hidden ðŸ“¦ovflw-y_hidden ðŸ“¦w_8em ðŸ“¦flx-basis_auto ðŸ“¦txt-trns_uppercase ðŸ“¦f-wght_300 css-nil"
            onKeyDown={[Function]}
            test-id="logType"
          >
            <span
              className="ðŸ“¦color_425A70 ðŸ“¦fnt-fam_b77syt ðŸ“¦fnt-sze_12px ðŸ“¦f-wght_400 ðŸ“¦ln-ht_16px ðŸ“¦ltr-spc_0 ðŸ“¦flx_1 ðŸ“¦ovflw-x_hidden ðŸ“¦ovflw-y_hidden ðŸ“¦txt-ovrf_ellipsis ðŸ“¦wht-spc_nowrap ðŸ“¦box-szg_border-box"
            >
              page
            </span>
          </div>
          <div
            className="css-saeo60 ðŸ“¦pl_12px ðŸ“¦pr_12px ðŸ“¦box-szg_border-box ðŸ“¦flx_1 ðŸ“¦dspl_flex ðŸ“¦algn-itms_center ðŸ“¦flx-srnk_0 ðŸ“¦ovflw-x_hidden ðŸ“¦ovflw-y_hidden css-nil"
            onKeyDown={[Function]}
            test-id="logMessage"
          >
            <span
              className="ðŸ“¦color_425A70 ðŸ“¦fnt-fam_b77syt ðŸ“¦fnt-sze_12px ðŸ“¦f-wght_500 ðŸ“¦ln-ht_16px ðŸ“¦ltr-spc_0 ðŸ“¦flx_1 ðŸ“¦ovflw-x_hidden ðŸ“¦ovflw-y_hidden ðŸ“¦txt-ovrf_ellipsis ðŸ“¦wht-spc_nowrap ðŸ“¦txt-algn_left ðŸ“¦box-szg_border-box"
            >
              004
            </span>
          </div>
          <div
            className="css-saeo60 ðŸ“¦pl_12px ðŸ“¦pr_12px ðŸ“¦box-szg_border-box ðŸ“¦flx_0 ðŸ“¦dspl_flex ðŸ“¦algn-itms_center ðŸ“¦flx-srnk_0 ðŸ“¦ovflw-x_hidden ðŸ“¦ovflw-y_hidden ðŸ“¦w_10em ðŸ“¦ml_0-75em ðŸ“¦mr_0-75em ðŸ“¦flx-basis_auto css-nil"
            onKeyDown={[Function]}
            test-id="logDate"
          >
            <span
              className="ðŸ“¦color_425A70 ðŸ“¦fnt-fam_b77syt ðŸ“¦fnt-sze_12px ðŸ“¦f-wght_400 ðŸ“¦ln-ht_16px ðŸ“¦ltr-spc_0 ðŸ“¦flx_1 ðŸ“¦ovflw-x_hidden ðŸ“¦ovflw-y_hidden ðŸ“¦txt-ovrf_ellipsis ðŸ“¦wht-spc_nowrap ðŸ“¦txt-algn_right ðŸ“¦box-szg_border-box"
            >
              2018/12/20 22:49:01
            </span>
          </div>
        </div>
      </div>
    </div>
  </div>,
]
`;
