// Jest Snapshot v1, https://goo.gl/fbAQLP

exports[`<LogRow> should match its snapshot 1`] = `
<div
  className="css-z3ro6d ðŸ“¦b-btm_1px-solid-EDF0F2 ðŸ“¦dspl_flex ðŸ“¦h_48px ðŸ“¦pl_0-75em ðŸ“¦pr_0-75em ðŸ“¦box-szg_border-box css-nil"
  onClick={[Function]}
  onKeyDown={[Function]}
>
  <div
    className="css-saeo60 ðŸ“¦pl_12px ðŸ“¦pr_12px ðŸ“¦box-szg_border-box ðŸ“¦flx_0 ðŸ“¦dspl_flex ðŸ“¦algn-itms_center ðŸ“¦flx-srnk_0 ðŸ“¦ovflw-x_hidden ðŸ“¦ovflw-y_hidden ðŸ“¦w_40px ðŸ“¦flx-basis_auto ðŸ“¦ml_0-75em ðŸ“¦mr_0-75em css-nil"
    onKeyDown={[Function]}
  >
    <svg
      className="ðŸ“¦w_24px ðŸ“¦h_24px ðŸ“¦box-szg_border-box"
      style={
        Object {
          "fill": "#1070ca",
        }
      }
      viewBox="0 0 24 24"
    >
      <path
        d="M12 2c5.514 0 10 4.486 10 10s-4.486 10-10 10-10-4.486-10-10 4.486-10 10-10zm0-2c-6.627 0-12 5.373-12 12s5.373 12 12 12 12-5.373 12-12-5.373-12-12-12zm6.25 8.891l-1.421-1.409-6.105 6.218-3.078-2.937-1.396 1.436 4.5 4.319 7.5-7.627z"
      />
    </svg>
  </div>
  <div
    className="css-saeo60 ðŸ“¦pl_12px ðŸ“¦pr_12px ðŸ“¦box-szg_border-box ðŸ“¦flx_0 ðŸ“¦dspl_flex ðŸ“¦algn-itms_center ðŸ“¦flx-srnk_0 ðŸ“¦ovflw-x_hidden ðŸ“¦ovflw-y_hidden ðŸ“¦w_8em ðŸ“¦flx-basis_auto ðŸ“¦txt-trns_uppercase ðŸ“¦f-wght_300 css-nil"
    onKeyDown={[Function]}
    test-id="logType"
  >
    <span
      className="ðŸ“¦color_425A70 ðŸ“¦fnt-fam_b77syt ðŸ“¦fnt-sze_12px ðŸ“¦f-wght_400 ðŸ“¦ln-ht_16px ðŸ“¦ltr-spc_0 ðŸ“¦flx_1 ðŸ“¦ovflw-x_hidden ðŸ“¦ovflw-y_hidden ðŸ“¦txt-ovrf_ellipsis ðŸ“¦wht-spc_nowrap ðŸ“¦box-szg_border-box"
    >
      track
    </span>
  </div>
  <div
    className="css-saeo60 ðŸ“¦pl_12px ðŸ“¦pr_12px ðŸ“¦box-szg_border-box ðŸ“¦flx_1 ðŸ“¦dspl_flex ðŸ“¦algn-itms_center ðŸ“¦flx-srnk_0 ðŸ“¦ovflw-x_hidden ðŸ“¦ovflw-y_hidden css-nil"
    onKeyDown={[Function]}
    test-id="logMessage"
  >
    <span
      className="ðŸ“¦color_425A70 ðŸ“¦fnt-fam_b77syt ðŸ“¦fnt-sze_12px ðŸ“¦f-wght_500 ðŸ“¦ln-ht_16px ðŸ“¦ltr-spc_0 ðŸ“¦flx_1 ðŸ“¦ovflw-x_hidden ðŸ“¦ovflw-y_hidden ðŸ“¦txt-ovrf_ellipsis ðŸ“¦wht-spc_nowrap ðŸ“¦txt-algn_left ðŸ“¦box-szg_border-box"
    >
      Add to Cart
    </span>
  </div>
  <div
    className="css-saeo60 ðŸ“¦pl_12px ðŸ“¦pr_12px ðŸ“¦box-szg_border-box ðŸ“¦flx_0 ðŸ“¦dspl_flex ðŸ“¦algn-itms_center ðŸ“¦flx-srnk_0 ðŸ“¦ovflw-x_hidden ðŸ“¦ovflw-y_hidden ðŸ“¦w_10em ðŸ“¦ml_0-75em ðŸ“¦mr_0-75em ðŸ“¦flx-basis_auto css-nil"
    onKeyDown={[Function]}
    test-id="logDate"
  >
    <span
      className="ðŸ“¦color_425A70 ðŸ“¦fnt-fam_b77syt ðŸ“¦fnt-sze_12px ðŸ“¦f-wght_400 ðŸ“¦ln-ht_16px ðŸ“¦ltr-spc_0 ðŸ“¦flx_1 ðŸ“¦ovflw-x_hidden ðŸ“¦ovflw-y_hidden ðŸ“¦txt-ovrf_ellipsis ðŸ“¦wht-spc_nowrap ðŸ“¦txt-algn_right ðŸ“¦box-szg_border-box"
    >
      2018/12/20 22:32:21
    </span>
  </div>
</div>
`;
