// Jest Snapshot v1, https://goo.gl/fbAQLP

exports[`<LogControls> should match its snapshot 1`] = `
Array [
  <div
    className="ðŸ“¦ml_0-75rem ðŸ“¦mr_0-75rem ðŸ“¦mb_1rem ðŸ“¦mt_1rem ðŸ“¦bg_11ev722 ðŸ“¦box-szg_border-box"
  >
    <div
      className="ðŸ“¦dspl_flex ðŸ“¦mr_-1px ðŸ“¦h_40px ðŸ“¦flx-srnk_1 ðŸ“¦flx-grow_0 ðŸ“¦w_10rem ðŸ“¦box-szg_border-box"
    >
      <div
        className="css-3grw6g css-4b8qak ðŸ“¦btlr_3px ðŸ“¦bblr_3px ðŸ“¦box-szg_border-box"
        data-active={true}
      >
        <input
          checked={true}
          className="css-87b09r"
          id="SegmentedControl-60"
          name="SegmentedControl-6"
          onChange={[Function]}
          type="radio"
          value="live"
        />
        <label
          className="css-17kak1e ðŸ“¦color_425A70 ðŸ“¦fnt-fam_b77syt ðŸ“¦fnt-sze_14px ðŸ“¦f-wght_500 ðŸ“¦ln-ht_20px ðŸ“¦ltr-spc_-0-05px ðŸ“¦crsr_pointer ðŸ“¦box-szg_border-box"
          htmlFor="SegmentedControl-60"
        >
          Live
        </label>
      </div>
      <div
        className="css-3grw6g css-4b8qak ðŸ“¦btrr_3px ðŸ“¦bbrr_3px ðŸ“¦box-szg_border-box"
        data-active={false}
      >
        <input
          checked={false}
          className="css-87b09r"
          id="SegmentedControl-61"
          name="SegmentedControl-6"
          onChange={[Function]}
          type="radio"
          value="pause"
        />
        <label
          className="css-17kak1e ðŸ“¦color_425A70 ðŸ“¦fnt-fam_b77syt ðŸ“¦fnt-sze_14px ðŸ“¦f-wght_500 ðŸ“¦ln-ht_20px ðŸ“¦ltr-spc_-0-05px ðŸ“¦crsr_pointer ðŸ“¦box-szg_border-box"
          htmlFor="SegmentedControl-61"
        >
          Pause
        </label>
      </div>
    </div>
  </div>,
  <div
    className="ðŸ“¦ml_0-75rem ðŸ“¦mr_0-75rem ðŸ“¦mb_1rem ðŸ“¦mt_1rem ðŸ“¦w_100prcnt ðŸ“¦box-szg_border-box"
  >
    <div
      className="ðŸ“¦pst_relative ðŸ“¦dspl_inline-flex ðŸ“¦h_40px ðŸ“¦flx-grow_1 ðŸ“¦w_100prcnt ðŸ“¦box-szg_border-box"
    >
      <div
        className="ðŸ“¦h_40px ðŸ“¦w_40px ðŸ“¦ptr-evts_none ðŸ“¦pst_absolute ðŸ“¦dspl_flex ðŸ“¦just-cnt_center ðŸ“¦algn-itms_center ðŸ“¦box-szg_border-box"
      >
        <svg
          className="ðŸ“¦z-idx_3 ðŸ“¦w_16px ðŸ“¦h_16px ðŸ“¦box-szg_border-box"
          data-icon="search"
          style={
            Object {
              "fill": "#66788A",
            }
          }
          viewBox="0 0 16 16"
        >
          <title>
            search
          </title>
          <path
            d="M15.55 13.43l-2.67-2.68a6.94 6.94 0 0 0 1.11-3.76c0-3.87-3.13-7-7-7s-7 3.13-7 7 3.13 7 7 7c1.39 0 2.68-.42 3.76-1.11l2.68 2.67a1.498 1.498 0 1 0 2.12-2.12zm-8.56-1.44c-2.76 0-5-2.24-5-5s2.24-5 5-5 5 2.24 5 5-2.24 5-5 5z"
            fillRule="evenodd"
          />
        </svg>
      </div>
      <input
        aria-invalid={false}
        className="css-5ljhhe ðŸ“¦color_425A70 ðŸ“¦fnt-fam_b77syt ðŸ“¦fnt-sze_14px ðŸ“¦f-wght_400 ðŸ“¦ln-ht_20px ðŸ“¦ltr-spc_-0-05px ðŸ“¦w_100prcnt ðŸ“¦h_40px ðŸ“¦pl_40px ðŸ“¦pr_13px ðŸ“¦bblr_3px ðŸ“¦bbrr_3px ðŸ“¦btlr_3px ðŸ“¦btrr_3px ðŸ“¦box-szg_border-box"
        disabled={false}
        onChange={[Function]}
        placeholder="Type to search..."
        spellCheck={true}
        test-id="logSearch"
        type="text"
        value=""
      />
    </div>
  </div>,
]
`;
